â–¿ 1 element
  - "\u{1B}[1mDERP\u{1B}[0m ANSI ENABLED DERP"
