â–¿ 3 elements
  - "\u{1B}[1mDERP\u{1B}[0m HELLO"
  - "HELLO"
  - "HELLOHELLO DERP"
