â–¿ 2 elements
  - "\u{1B}[1mDERP\u{1B}[0m HELLO"
  - "HELLO DERP"
