â–¿ 8 elements
  - "DERP HELLO"
  - "HELLO"
  - "HELLO"
  - "HELLO"
  - "ANSI DISABLED"
  - "HELLO"
  - "HELLO"
  - "HELLO DERP"
