â–¿ 3 elements
  - "DERP HELLO"
  - "HELLO"
  - "HELLOHELLO DERP"
