â–¿ 8 elements
  - "HELLO"
  - "HELLO"
  - "HELLO"
  - "HELLO"
  - "ANSI DISABLED"
  - "HELLO"
  - "HELLO"
  - "HELLO"
