â–¿ 1 element
  - "  \u{1B}[31mat: \u{1B}[0m\u{1B}[31mDERP!\u{1B}[0m"
