â–¿ 15 elements
  - "HELLO"
  - "HELLO"
  - "HELLO"
  - "HELLO"
  - "ANSI ENABLED"
  - "HELLO"
  - "HELLO"
  - "HELLO HELLO"
  - "HELLO"
  - "HELLO"
  - "HELLO"
  - "ANSI ENABLED"
  - "HELLO"
  - "HELLO"
  - "HELLO \u{1B}[1mDERP\u{1B}[0m DERP"
