â–¿ 15 elements
  - "HELLO"
  - "HELLO"
  - "HELLO"
  - "HELLO"
  - "ANSI DISABLED"
  - "HELLO"
  - "HELLO"
  - "HELLO HELLO"
  - "HELLO"
  - "HELLO"
  - "HELLO"
  - "ANSI DISABLED"
  - "HELLO"
  - "HELLO"
  - "HELLO DERP DERP"
