â–¿ 3 elements
  - "HELLO"
  - "HELLO HELLO"
  - "HELLO DERP DERP"
