â–¿ 1 element
  - "ANSI DISABLED ANSI DISABLED DERP DERP"
