â–¿ 1 element
  - "ANSI ENABLED ANSI ENABLED \u{1B}[1mDERP\u{1B}[0m DERP"
