â–¿ 5 elements
  - "HELLO"
  - "HELLO"
  - "HELLOHELLO HELLO"
  - "HELLO"
  - "HELLOHELLO DERP DERP"
