â–¿ 3 elements
  - "HELLO"
  - "HELLO"
  - "HELLOHELLO"
