â–¿ 4 elements
  - "HELLO"
  - "HELLO"
  - "HELLO"
  - "HELLO"
