â–¿ 16 elements
  - "HELLO"
  - "HELLO"
  - "HELLO"
  - "HELLO"
  - "\u{1B}[1mANSI ENABLED\u{1B}[0m"
  - "\u{1B}[1mHELLO\u{1B}[0m"
  - "\u{1B}[1mHELLO\u{1B}[0m"
  - "HELLO"
  - "HELLO"
  - "HELLO"
  - "HELLO"
  - "HELLO"
  - "\u{1B}[1mANSI ENABLED\u{1B}[0m"
  - "\u{1B}[1mHELLO\u{1B}[0m"
  - "\u{1B}[1mHELLO\u{1B}[0m"
  - "HELLO"
