â–¿ 2 elements
  - "ANSI ENABLED"
  - "ANSI ENABLED"
