â–¿ 6 elements
  - "HELLO"
  - "HELLO"
  - "HELLOHELLO"
  - "HELLO"
  - "HELLO"
  - "HELLOHELLO"
