â–¿ 16 elements
  - "HELLO"
  - "HELLO"
  - "HELLO"
  - "HELLO"
  - "ANSI DISABLED"
  - "HELLO"
  - "HELLO"
  - "HELLO"
  - "HELLO"
  - "HELLO"
  - "HELLO"
  - "HELLO"
  - "ANSI DISABLED"
  - "HELLO"
  - "HELLO"
  - "HELLO"
