â–¿ 2 elements
  - "ANSI DISABLED"
  - "ANSI DISABLED"
