â–¿ 2 elements
  - "\u{1B}[31m\u{1B}[1mHELLO\u{1B}[0m\u{1B}[0m"
  - "\u{1B}[31m\u{1B}[1mHELLO\u{1B}[0m\u{1B}[0m"
