â–¿ 1 element
  - "\u{1B}[1mANSI ENABLED\u{1B}[0m"
