â–¿ 3 elements
  - "TRUE!"
  - "\u{1B}[31mHELLO\u{1B}[0m"
  - "\u{1B}[31mHELLO\u{1B}[0m"
