â–¿ 3 elements
  - "TRUE!"
  - "HELLO"
  - "HELLO"
