â–¿ 4 elements
  - "TRUE!"
  - "HELLO"
  - "HELLO"
  - "HELLOHELLO"
