â–¿ 9 elements
  - "TRUE!"
  - "HELLO"
  - "HELLO"
  - "HELLO"
  - "HELLO"
  - "ANSI DISABLED"
  - "HELLO"
  - "HELLO"
  - "HELLO"
